21:38:02 **** Build of configuration Debug for project 000add ****
make -j4 all 
arm-none-eabi-gcc "../Src/main.c" -mcpu=cortex-m4 -std=gnu11 -g3 -DDEBUG -DSTM32 -DSTM32F407G_DISC1 -DSTM32F4 -DSTM32F407VGTx -c -I../Inc -O0 -ffunction-sections -fdata-sections -Wall -fstack-usage -MMD -MP -MF"Src/main.d" -MT"Src/main.o" --specs=nano.specs -mfpu=fpv4-sp-d16 -mfloat-abi=hard -mthumb -o "Src/main.o"
arm-none-eabi-gcc -o "000add.elf" @"objects.list"   -mcpu=cortex-m4 -T"/home/ankit/STM32CubeIDE/Embedded_C/My_workspace/targert/000add/STM32F407VGTX_FLASH.ld" --specs=nosys.specs -Wl,-Map="000add.map" -Wl,--gc-sections -static --specs=nano.specs -mfpu=fpv4-sp-d16 -mfloat-abi=hard -mthumb -Wl,--start-group -lc -lm -Wl,--end-group
Finished building target: 000add.elf
 
arm-none-eabi-size   000add.elf 
arm-none-eabi-objdump -h -S  000add.elf  > "000add.list"
   text	   data	    bss	    dec	    hex	filename
   5336	    108	   1588	   7032	   1b78	000add.elf
Finished building: default.size.stdout
 
Finished building: 000add.list
 

21:38:06 Build Finished. 0 errors, 0 warnings. (took 4s.86ms)

